
> egchery@0.1.0 build
> next build

Γû▓ Next.js 16.2.2 (Turbopack)

  Creating an optimized production build ...
Γ£ô Compiled successfully in 1221ms
  Running TypeScript ...
node.exe : Failed to type check.
At line:1 char:1
+ & "C:\Program 
Files\nodejs/node.exe" 
"C:\Program Files\nodejs/node_mo 
...
+ ~~~~~~~~~~~~~~~~~~~~~~~~~~~~~~~
~~~~~~~~~~~~~~~~~~~~~~~~~~~~~~~~~
~~~~~
    + CategoryInfo          : No 
   tSpecified: (Failed to type   
  check.:String) [], RemoteExc   
 eption
    + FullyQualifiedErrorId : Na 
   tiveCommandError
 

./src/components/home/AboutSectio
n.tsx:8:31
Type error: Cannot find name 
'HTMLSectionElement'. Did you 
mean 'HTMLOptionElement'?

  [90m 6 |[0m
  [90m 7 |[0m [36mexport[0m 
[36mfunction[0m 
[33mAboutSection[0m() {
[31m[1m>[0m [90m 8 |[0m   
[36mconst[0m containerRef = use
Ref<[33mHTMLSectionElement[0m>(
[36mnull[0m);
  [90m   |[0m                  
             [31m[1m^[0m
  [90m 9 |[0m   [36mconst[0m 
textRef = useRef<[33mHTMLHeading
Element[0m>([36mnull[0m);
  [90m10 |[0m
  [90m11 |[0m   useEffect(() 
=> {
Next.js build worker exited with 
code: 1 and signal: null
